../Core/Src/main.c:123:5:main	80	static
../Core/Src/main.c:195:6:SystemClock_Config	96	static
../Core/Src/main.c:256:13:MX_CAN1_Init	56	static
../Core/Src/main.c:322:13:MX_TIM3_Init	56	static
../Core/Src/main.c:376:13:MX_TIM6_Init	24	static
../Core/Src/main.c:419:13:MX_USART2_UART_Init	8	static
../Core/Src/main.c:454:13:MX_USB_OTG_FS_PCD_Init	8	static
../Core/Src/main.c:489:13:MX_GPIO_Init	48	static
../Core/Src/main.c:525:6:HAL_CAN_RxFifo0MsgPendingCallback	16	static
../Core/Src/main.c:557:6:HAL_TIM_PeriodElapsedCallback	24	static
../Core/Src/main.c:574:6:HAL_TIM_IC_CaptureCallback	16	static
../Core/Src/main.c:588:6:Error_Handler	4	static,ignoring_inline_asm
